[2025-05-24 23:11:05Z INFO HostContext] No proxy settings were found based on environmental variables (http_proxy/https_proxy/HTTP_PROXY/HTTPS_PROXY)
[2025-05-24 23:11:05Z INFO HostContext] Well known directory 'Bin': '/Users/nadav/github_action/github-action/actions-runner/bin'
[2025-05-24 23:11:05Z INFO HostContext] Well known directory 'Root': '/Users/nadav/github_action/github-action/actions-runner'
[2025-05-24 23:11:05Z INFO HostContext] Well known config file 'Credentials': '/Users/nadav/github_action/github-action/actions-runner/.credentials'
[2025-05-24 23:11:05Z INFO HostContext] Well known directory 'Bin': '/Users/nadav/github_action/github-action/actions-runner/bin'
[2025-05-24 23:11:05Z INFO HostContext] Well known directory 'Root': '/Users/nadav/github_action/github-action/actions-runner'
[2025-05-24 23:11:05Z INFO HostContext] Well known config file 'Runner': '/Users/nadav/github_action/github-action/actions-runner/.runner'
[2025-05-24 23:11:05Z INFO Listener] Runner is built for OSX (X64) - osx-x64.
[2025-05-24 23:11:05Z INFO Listener] RuntimeInformation: Darwin 24.5.0 Darwin Kernel Version 24.5.0: Tue Apr 22 19:53:26 PDT 2025; root:xnu-11417.121.6~2/RELEASE_X86_64.
[2025-05-24 23:11:05Z INFO Listener] Version: 2.324.0
[2025-05-24 23:11:05Z INFO Listener] Commit: da3412efd49b1cf1a0fbdcbcee4e4ac4cc2177c8
[2025-05-24 23:11:05Z INFO Listener] Culture: en-US
[2025-05-24 23:11:05Z INFO Listener] UI Culture: en-US
[2025-05-24 23:11:05Z INFO HostContext] Well known directory 'Bin': '/Users/nadav/github_action/github-action/actions-runner/bin'
[2025-05-24 23:11:05Z INFO HostContext] Well known directory 'Root': '/Users/nadav/github_action/github-action/actions-runner'
[2025-05-24 23:11:05Z INFO Listener] Validating directory permissions for: '/Users/nadav/github_action/github-action/actions-runner'
[2025-05-24 23:11:05Z INFO CommandLineParser] Parse
[2025-05-24 23:11:05Z INFO CommandLineParser] Parsing 1 args
[2025-05-24 23:11:05Z INFO CommandLineParser] parsing argument
[2025-05-24 23:11:05Z INFO CommandLineParser] HasArgs: False
[2025-05-24 23:11:05Z INFO CommandLineParser] Adding Command: run
[2025-05-24 23:11:05Z INFO Listener] Arguments parsed
[2025-05-24 23:11:05Z INFO Runner] ExecuteCommand
[2025-05-24 23:11:05Z INFO ConfigurationStore] currentAssemblyLocation: /Users/nadav/github_action/github-action/actions-runner/bin/Runner.Listener.dll
[2025-05-24 23:11:05Z INFO HostContext] Well known directory 'Bin': '/Users/nadav/github_action/github-action/actions-runner/bin'
[2025-05-24 23:11:05Z INFO ConfigurationStore] binPath: /Users/nadav/github_action/github-action/actions-runner/bin
[2025-05-24 23:11:05Z INFO HostContext] Well known directory 'Bin': '/Users/nadav/github_action/github-action/actions-runner/bin'
[2025-05-24 23:11:05Z INFO HostContext] Well known directory 'Root': '/Users/nadav/github_action/github-action/actions-runner'
[2025-05-24 23:11:05Z INFO ConfigurationStore] RootFolder: /Users/nadav/github_action/github-action/actions-runner
[2025-05-24 23:11:05Z INFO HostContext] Well known directory 'Bin': '/Users/nadav/github_action/github-action/actions-runner/bin'
[2025-05-24 23:11:05Z INFO HostContext] Well known directory 'Root': '/Users/nadav/github_action/github-action/actions-runner'
[2025-05-24 23:11:05Z INFO HostContext] Well known config file 'Runner': '/Users/nadav/github_action/github-action/actions-runner/.runner'
[2025-05-24 23:11:05Z INFO ConfigurationStore] ConfigFilePath: /Users/nadav/github_action/github-action/actions-runner/.runner
[2025-05-24 23:11:05Z INFO HostContext] Well known directory 'Bin': '/Users/nadav/github_action/github-action/actions-runner/bin'
[2025-05-24 23:11:05Z INFO HostContext] Well known directory 'Root': '/Users/nadav/github_action/github-action/actions-runner'
[2025-05-24 23:11:05Z INFO HostContext] Well known config file 'MigratedRunner': '/Users/nadav/github_action/github-action/actions-runner/.runner_migrated'
[2025-05-24 23:11:05Z INFO ConfigurationStore] MigratedConfigFilePath: /Users/nadav/github_action/github-action/actions-runner/.runner_migrated
[2025-05-24 23:11:05Z INFO HostContext] Well known directory 'Bin': '/Users/nadav/github_action/github-action/actions-runner/bin'
[2025-05-24 23:11:05Z INFO HostContext] Well known directory 'Root': '/Users/nadav/github_action/github-action/actions-runner'
[2025-05-24 23:11:05Z INFO HostContext] Well known config file 'Credentials': '/Users/nadav/github_action/github-action/actions-runner/.credentials'
[2025-05-24 23:11:05Z INFO ConfigurationStore] CredFilePath: /Users/nadav/github_action/github-action/actions-runner/.credentials
[2025-05-24 23:11:05Z INFO HostContext] Well known directory 'Bin': '/Users/nadav/github_action/github-action/actions-runner/bin'
[2025-05-24 23:11:05Z INFO HostContext] Well known directory 'Root': '/Users/nadav/github_action/github-action/actions-runner'
[2025-05-24 23:11:05Z INFO HostContext] Well known config file 'MigratedCredentials': '/Users/nadav/github_action/github-action/actions-runner/.credentials_migrated'
[2025-05-24 23:11:05Z INFO ConfigurationStore] MigratedCredFilePath: /Users/nadav/github_action/github-action/actions-runner/.credentials_migrated
[2025-05-24 23:11:05Z INFO HostContext] Well known directory 'Bin': '/Users/nadav/github_action/github-action/actions-runner/bin'
[2025-05-24 23:11:05Z INFO HostContext] Well known directory 'Root': '/Users/nadav/github_action/github-action/actions-runner'
[2025-05-24 23:11:05Z INFO HostContext] Well known config file 'Service': '/Users/nadav/github_action/github-action/actions-runner/.service'
[2025-05-24 23:11:05Z INFO ConfigurationStore] ServiceConfigFilePath: /Users/nadav/github_action/github-action/actions-runner/.service
[2025-05-24 23:11:05Z INFO CommandSettings] Flag 'help': 'False'
[2025-05-24 23:11:05Z INFO CommandSettings] Flag 'version': 'False'
[2025-05-24 23:11:05Z INFO CommandSettings] Flag 'commit': 'False'
[2025-05-24 23:11:05Z INFO CommandSettings] Flag 'check': 'False'
[2025-05-24 23:11:05Z INFO CommandSettings] Command 'configure': 'False'
[2025-05-24 23:11:05Z INFO CommandSettings] Command 'remove': 'False'
[2025-05-24 23:11:05Z INFO CommandSettings] Command 'warmup': 'False'
[2025-05-24 23:11:05Z INFO ConfigurationManager] LoadSettings
[2025-05-24 23:11:05Z INFO ConfigurationStore] IsConfigured()
[2025-05-24 23:11:05Z INFO ConfigurationStore] IsConfigured: True
[2025-05-24 23:11:05Z INFO ConfigurationManager] Is configured: True
[2025-05-24 23:11:05Z INFO ConfigurationStore] Read setting file: 303 chars
[2025-05-24 23:11:05Z INFO ConfigurationManager] Settings Loaded
[2025-05-24 23:11:05Z INFO ConfigurationStore] IsServiceConfigured()
[2025-05-24 23:11:05Z INFO ConfigurationStore] IsServiceConfigured: False
[2025-05-24 23:11:05Z INFO CommandSettings] Command 'run': 'True'
[2025-05-24 23:11:05Z INFO ConfigurationStore] IsConfigured()
[2025-05-24 23:11:05Z INFO ConfigurationStore] IsConfigured: True
[2025-05-24 23:11:05Z INFO ConfigurationManager] Is configured: True
[2025-05-24 23:11:05Z INFO Runner] Could not parse the argument value '' for StartupType. Defaulting to Manual
[2025-05-24 23:11:05Z INFO Runner] Set runner startup type - Manual
[2025-05-24 23:11:05Z INFO CommandSettings] Flag 'once': 'False'
[2025-05-24 23:11:05Z INFO CommandSettings] Flag 'once': 'False'
[2025-05-24 23:11:05Z INFO Runner] RunAsync
[2025-05-24 23:11:05Z INFO ConfigurationManager] LoadMigratedSettings
[2025-05-24 23:11:05Z INFO ConfigurationStore] IsMigratedConfigured()
[2025-05-24 23:11:05Z INFO ConfigurationStore] IsMigratedConfigured: False
[2025-05-24 23:11:05Z INFO Runner] Failed to load migrated settings: No migrated configuration found.
[2025-05-24 23:11:05Z INFO Runner] Falling back to original .runner settings
[2025-05-24 23:11:05Z INFO ConfigurationManager] LoadSettings
[2025-05-24 23:11:05Z INFO ConfigurationStore] IsConfigured()
[2025-05-24 23:11:05Z INFO ConfigurationStore] IsConfigured: True
[2025-05-24 23:11:05Z INFO ConfigurationManager] Is configured: True
[2025-05-24 23:11:05Z INFO ConfigurationManager] Settings Loaded
[2025-05-24 23:11:05Z INFO MessageListener] {
  "AgentId": 2,
  "AgentName": "MacBook-Pro",
  "PoolId": 1,
  "PoolName": "Default",
  "ServerUrl": "https://pipelinesghubeus14.actions.githubusercontent.com/aX6AGxlTIzwqnB78O7VB8eDkl6ZqDVRWYQyowtYoLBRcQO7rdW/",
  "GitHubUrl": "https://github.com/Danielnadav/github-action",
  "WorkFolder": "_work"
}
[2025-05-24 23:11:05Z INFO MessageListener] Loading Credentials
[2025-05-24 23:11:05Z INFO ConfigurationStore] HasCredentials()
[2025-05-24 23:11:05Z INFO ConfigurationStore] stored True
[2025-05-24 23:11:05Z INFO CredentialManager] GetCredentialProvider
[2025-05-24 23:11:05Z INFO CredentialManager] Creating type OAuth
[2025-05-24 23:11:05Z INFO CredentialManager] Creating credential type: OAuth
[2025-05-24 23:11:05Z INFO HostContext] Well known directory 'Bin': '/Users/nadav/github_action/github-action/actions-runner/bin'
[2025-05-24 23:11:05Z INFO HostContext] Well known directory 'Root': '/Users/nadav/github_action/github-action/actions-runner'
[2025-05-24 23:11:05Z INFO HostContext] Well known config file 'RSACredentials': '/Users/nadav/github_action/github-action/actions-runner/.credentials_rsaparams'
[2025-05-24 23:11:05Z INFO RSAFileKeyManager] Loading RSA key parameters from file /Users/nadav/github_action/github-action/actions-runner/.credentials_rsaparams
[2025-05-24 23:11:05Z INFO MessageListener] Attempt to create session.
[2025-05-24 23:11:05Z INFO MessageListener] Connecting to the Runner Server...
[2025-05-24 23:11:05Z INFO RunnerServer] EstablishVssConnection
[2025-05-24 23:11:05Z INFO RunnerServer] Establish connection with 100 seconds timeout.
[2025-05-24 23:11:05Z INFO GitHubActionsService] Starting operation Location.GetConnectionData
[2025-05-24 23:11:06Z INFO RunnerServer] EstablishVssConnection
[2025-05-24 23:11:06Z INFO RunnerServer] Establish connection with 60 seconds timeout.
[2025-05-24 23:11:06Z INFO GitHubActionsService] Starting operation Location.GetConnectionData
[2025-05-24 23:11:06Z INFO RunnerServer] EstablishVssConnection
[2025-05-24 23:11:06Z INFO RunnerServer] Establish connection with 60 seconds timeout.
[2025-05-24 23:11:06Z INFO GitHubActionsService] Starting operation Location.GetConnectionData
[2025-05-24 23:11:06Z INFO GitHubActionsService] Finished operation Location.GetConnectionData
[2025-05-24 23:11:06Z INFO GitHubActionsService] Finished operation Location.GetConnectionData
[2025-05-24 23:11:06Z INFO GitHubActionsService] Finished operation Location.GetConnectionData
[2025-05-24 23:11:07Z INFO MessageListener] VssConnection created
[2025-05-24 23:11:07Z INFO Terminal] WRITE LINE: 
[2025-05-24 23:11:07Z INFO Terminal] WRITE LINE: 
[2025-05-24 23:11:07Z INFO RSAFileKeyManager] Loading RSA key parameters from file /Users/nadav/github_action/github-action/actions-runner/.credentials_rsaparams
[2025-05-24 23:11:07Z INFO RSAFileKeyManager] Loading RSA key parameters from file /Users/nadav/github_action/github-action/actions-runner/.credentials_rsaparams
[2025-05-24 23:11:07Z INFO GitHubActionsService] AAD Correlation ID for this token request: Unknown
[2025-05-24 23:11:07Z INFO MessageListener] Session created.
[2025-05-24 23:11:07Z INFO MessageListener] Registering AuthMigrationChanged event handler.
[2025-05-24 23:11:07Z INFO Terminal] WRITE LINE: Current runner version: '2.324.0'
[2025-05-24 23:11:07Z INFO Terminal] WRITE LINE: 2025-05-24 23:11:07Z: Listening for Jobs
[2025-05-24 23:11:07Z INFO JobDispatcher] Set runner/worker IPC timeout to 30 seconds.
[2025-05-24 23:11:08Z INFO ConfigurationStore] HasCredentials()
[2025-05-24 23:11:08Z INFO ConfigurationStore] stored True
[2025-05-24 23:11:08Z INFO CredentialManager] GetCredentialProvider
[2025-05-24 23:11:08Z INFO CredentialManager] Creating type OAuth
[2025-05-24 23:11:08Z INFO CredentialManager] Creating credential type: OAuth
[2025-05-24 23:11:08Z INFO RSAFileKeyManager] Loading RSA key parameters from file /Users/nadav/github_action/github-action/actions-runner/.credentials_rsaparams
[2025-05-24 23:11:08Z INFO RSAFileKeyManager] Loading RSA key parameters from file /Users/nadav/github_action/github-action/actions-runner/.credentials_rsaparams
[2025-05-24 23:11:08Z INFO RSAFileKeyManager] Loading RSA key parameters from file /Users/nadav/github_action/github-action/actions-runner/.credentials_rsaparams
[2025-05-24 23:11:08Z INFO GitHubActionsService] AAD Correlation ID for this token request: Unknown
[2025-05-24 23:11:37Z INFO MessageListener] Message '7327861283430219353' received from session '751d9d96-e178-442a-b1bf-696d53006234'.
[2025-05-24 23:11:37Z INFO ConfigurationStore] HasCredentials()
[2025-05-24 23:11:37Z INFO ConfigurationStore] stored True
[2025-05-24 23:11:37Z INFO CredentialManager] GetCredentialProvider
[2025-05-24 23:11:37Z INFO CredentialManager] Creating type OAuth
[2025-05-24 23:11:37Z INFO CredentialManager] Creating credential type: OAuth
[2025-05-24 23:11:37Z INFO RSAFileKeyManager] Loading RSA key parameters from file /Users/nadav/github_action/github-action/actions-runner/.credentials_rsaparams
[2025-05-24 23:11:37Z INFO RSAFileKeyManager] Loading RSA key parameters from file /Users/nadav/github_action/github-action/actions-runner/.credentials_rsaparams
[2025-05-24 23:11:37Z INFO RSAFileKeyManager] Loading RSA key parameters from file /Users/nadav/github_action/github-action/actions-runner/.credentials_rsaparams
[2025-05-24 23:11:37Z INFO GitHubActionsService] AAD Correlation ID for this token request: Unknown
[2025-05-24 23:11:38Z INFO JobDispatcher] Job request 0 for plan 8820c139-9cfe-469a-aeb1-0f2a9ced2469 job aa425d6d-a2df-5e39-8546-5a657692d313 received.
[2025-05-24 23:11:38Z INFO MessageListener] Received job status event. JobState: Busy
[2025-05-24 23:11:38Z INFO MessageListener] _getMessagesTokenSource is already disposed.
[2025-05-24 23:11:38Z INFO Terminal] WRITE LINE: 2025-05-24 23:11:38Z: Running job: Deploy to Docker Desktop Kubernetes
[2025-05-24 23:11:38Z INFO JobDispatcher] Start renew job request 0 for job aa425d6d-a2df-5e39-8546-5a657692d313.
[2025-05-24 23:11:39Z INFO JobDispatcher] Successfully renew job aa425d6d-a2df-5e39-8546-5a657692d313, job is valid till 5/24/2025 11:21:39 PM
[2025-05-24 23:11:39Z INFO HostContext] Well known directory 'Bin': '/Users/nadav/github_action/github-action/actions-runner/bin'
[2025-05-24 23:11:39Z INFO ProcessInvokerWrapper] Starting process:
[2025-05-24 23:11:39Z INFO ProcessInvokerWrapper]   File name: '/Users/nadav/github_action/github-action/actions-runner/bin/Runner.Worker'
[2025-05-24 23:11:39Z INFO ProcessInvokerWrapper]   Arguments: 'spawnclient 150 153'
[2025-05-24 23:11:39Z INFO ProcessInvokerWrapper]   Working directory: '/Users/nadav/github_action/github-action/actions-runner/bin'
[2025-05-24 23:11:39Z INFO ProcessInvokerWrapper]   Require exit code zero: 'False'
[2025-05-24 23:11:39Z INFO ProcessInvokerWrapper]   Encoding web name:  ; code page: ''
[2025-05-24 23:11:39Z INFO ProcessInvokerWrapper]   Force kill process on cancellation: 'True'
[2025-05-24 23:11:39Z INFO ProcessInvokerWrapper]   Redirected STDIN: 'False'
[2025-05-24 23:11:39Z INFO ProcessInvokerWrapper]   Persist current code page: 'False'
[2025-05-24 23:11:39Z INFO ProcessInvokerWrapper]   Keep redirected STDIN open: 'False'
[2025-05-24 23:11:39Z INFO ProcessInvokerWrapper]   High priority process: 'True'
[2025-05-24 23:11:39Z INFO ProcessInvokerWrapper] Process started with process id 4552, waiting for process exit.
[2025-05-24 23:11:39Z INFO JobDispatcher] Send job request message to worker for job aa425d6d-a2df-5e39-8546-5a657692d313.
[2025-05-24 23:11:39Z INFO ProcessChannel] Sending message of length 18872, with hash '395d2f316fcaf33be784f97dd92af20f1fe5981882e9490738f5c360c71fc11b'
[2025-05-24 23:11:39Z INFO JobNotification] Entering JobStarted Notification
[2025-05-24 23:11:39Z INFO JobNotification] Entering StartMonitor
[2025-05-24 23:11:40Z INFO ConfigurationStore] HasCredentials()
[2025-05-24 23:11:40Z INFO ConfigurationStore] stored True
[2025-05-24 23:11:40Z INFO CredentialManager] GetCredentialProvider
[2025-05-24 23:11:40Z INFO CredentialManager] Creating type OAuth
[2025-05-24 23:11:40Z INFO CredentialManager] Creating credential type: OAuth
[2025-05-24 23:11:40Z INFO RSAFileKeyManager] Loading RSA key parameters from file /Users/nadav/github_action/github-action/actions-runner/.credentials_rsaparams
[2025-05-24 23:11:54Z INFO ProcessInvokerWrapper] STDOUT/STDERR stream read finished.
[2025-05-24 23:11:54Z INFO ProcessInvokerWrapper] STDOUT/STDERR stream read finished.
[2025-05-24 23:11:54Z INFO ProcessInvokerWrapper] Finished process 4552 with exit code 100, and elapsed time 00:00:14.8844230.
[2025-05-24 23:11:54Z INFO JobDispatcher] Worker finished for job aa425d6d-a2df-5e39-8546-5a657692d313. Code: 100
[2025-05-24 23:11:54Z INFO JobDispatcher] finish job request for job aa425d6d-a2df-5e39-8546-5a657692d313 with result: Succeeded
[2025-05-24 23:11:54Z INFO Terminal] WRITE LINE: 2025-05-24 23:11:54Z: Job Deploy to Docker Desktop Kubernetes completed with result: Succeeded
[2025-05-24 23:11:54Z INFO JobDispatcher] Stop renew job request for job aa425d6d-a2df-5e39-8546-5a657692d313.
[2025-05-24 23:11:54Z INFO JobDispatcher] job renew has been cancelled, stop renew job aa425d6d-a2df-5e39-8546-5a657692d313.
[2025-05-24 23:11:54Z INFO JobNotification] Entering JobCompleted Notification
[2025-05-24 23:11:54Z INFO JobNotification] Entering EndMonitor
[2025-05-24 23:11:54Z INFO MessageListener] Received job status event. JobState: Online
[2025-05-24 23:12:30Z INFO ConfigurationStore] HasCredentials()
[2025-05-24 23:12:30Z INFO ConfigurationStore] stored True
[2025-05-24 23:12:30Z INFO CredentialManager] GetCredentialProvider
[2025-05-24 23:12:30Z INFO CredentialManager] Creating type OAuth
[2025-05-24 23:12:30Z INFO CredentialManager] Creating credential type: OAuth
[2025-05-24 23:12:30Z INFO RSAFileKeyManager] Loading RSA key parameters from file /Users/nadav/github_action/github-action/actions-runner/.credentials_rsaparams
[2025-05-24 23:13:20Z INFO ConfigurationStore] HasCredentials()
[2025-05-24 23:13:20Z INFO ConfigurationStore] stored True
[2025-05-24 23:13:20Z INFO CredentialManager] GetCredentialProvider
[2025-05-24 23:13:20Z INFO CredentialManager] Creating type OAuth
[2025-05-24 23:13:20Z INFO CredentialManager] Creating credential type: OAuth
[2025-05-24 23:13:20Z INFO RSAFileKeyManager] Loading RSA key parameters from file /Users/nadav/github_action/github-action/actions-runner/.credentials_rsaparams
[2025-05-24 23:14:11Z INFO ConfigurationStore] HasCredentials()
[2025-05-24 23:14:11Z INFO ConfigurationStore] stored True
[2025-05-24 23:14:11Z INFO CredentialManager] GetCredentialProvider
[2025-05-24 23:14:11Z INFO CredentialManager] Creating type OAuth
[2025-05-24 23:14:11Z INFO CredentialManager] Creating credential type: OAuth
[2025-05-24 23:14:11Z INFO RSAFileKeyManager] Loading RSA key parameters from file /Users/nadav/github_action/github-action/actions-runner/.credentials_rsaparams
[2025-05-24 23:15:01Z INFO ConfigurationStore] HasCredentials()
[2025-05-24 23:15:01Z INFO ConfigurationStore] stored True
[2025-05-24 23:15:01Z INFO CredentialManager] GetCredentialProvider
[2025-05-24 23:15:01Z INFO CredentialManager] Creating type OAuth
[2025-05-24 23:15:01Z INFO CredentialManager] Creating credential type: OAuth
[2025-05-24 23:15:01Z INFO RSAFileKeyManager] Loading RSA key parameters from file /Users/nadav/github_action/github-action/actions-runner/.credentials_rsaparams
[2025-05-24 23:15:52Z INFO ConfigurationStore] HasCredentials()
[2025-05-24 23:15:52Z INFO ConfigurationStore] stored True
[2025-05-24 23:15:52Z INFO CredentialManager] GetCredentialProvider
[2025-05-24 23:15:52Z INFO CredentialManager] Creating type OAuth
[2025-05-24 23:15:52Z INFO CredentialManager] Creating credential type: OAuth
[2025-05-24 23:15:52Z INFO RSAFileKeyManager] Loading RSA key parameters from file /Users/nadav/github_action/github-action/actions-runner/.credentials_rsaparams
[2025-05-24 23:16:42Z INFO ConfigurationStore] HasCredentials()
[2025-05-24 23:16:42Z INFO ConfigurationStore] stored True
[2025-05-24 23:16:42Z INFO CredentialManager] GetCredentialProvider
[2025-05-24 23:16:42Z INFO CredentialManager] Creating type OAuth
[2025-05-24 23:16:42Z INFO CredentialManager] Creating credential type: OAuth
[2025-05-24 23:16:42Z INFO RSAFileKeyManager] Loading RSA key parameters from file /Users/nadav/github_action/github-action/actions-runner/.credentials_rsaparams
[2025-05-24 23:17:21Z INFO Terminal] WRITE LINE: Exiting...
[2025-05-24 23:17:21Z INFO ConfigurationStore] IsServiceConfigured()
[2025-05-24 23:17:21Z INFO ConfigurationStore] IsServiceConfigured: False
[2025-05-24 23:17:21Z INFO HostContext] Runner will be shutdown for UserCancelled
[2025-05-24 23:17:21Z WARN GitHubActionsService] GET request to https://broker.actions.githubusercontent.com/message?sessionId=751d9d96-e178-442a-b1bf-696d53006234&status=Online&runnerVersion=2.324.0&os=macOS&architecture=X64&disableUpdate=false has been cancelled.
[2025-05-24 23:17:21Z ERR  BrokerServer] Catch exception during request
[2025-05-24 23:17:22Z ERR  BrokerServer] System.Threading.Tasks.TaskCanceledException: The operation was canceled.
 ---> System.Threading.Tasks.TaskCanceledException: The operation was canceled.
 ---> System.IO.IOException: Unable to read data from the transport connection: Operation canceled.
 ---> System.Net.Sockets.SocketException (89): Operation canceled
   --- End of inner exception stack trace ---
   at System.Net.Sockets.Socket.AwaitableSocketAsyncEventArgs.ThrowException(SocketError error, CancellationToken cancellationToken)
   at System.Net.Sockets.Socket.AwaitableSocketAsyncEventArgs.System.Threading.Tasks.Sources.IValueTaskSource<System.Int32>.GetResult(Int16 token)
   at System.Net.Security.SslStream.EnsureFullTlsFrameAsync[TIOAdapter](CancellationToken cancellationToken, Int32 estimatedSize)
   at System.Runtime.CompilerServices.PoolingAsyncValueTaskMethodBuilder`1.StateMachineBox`1.System.Threading.Tasks.Sources.IValueTaskSource<TResult>.GetResult(Int16 token)
   at System.Net.Security.SslStream.ReadAsyncInternal[TIOAdapter](Memory`1 buffer, CancellationToken cancellationToken)
   at System.Runtime.CompilerServices.PoolingAsyncValueTaskMethodBuilder`1.StateMachineBox`1.System.Threading.Tasks.Sources.IValueTaskSource<TResult>.GetResult(Int16 token)
   at System.Net.Http.HttpConnection.SendAsync(HttpRequestMessage request, Boolean async, CancellationToken cancellationToken)
   --- End of inner exception stack trace ---
   at System.Net.Http.HttpConnection.SendAsync(HttpRequestMessage request, Boolean async, CancellationToken cancellationToken)
   at System.Net.Http.AuthenticationHelper.SendWithNtAuthAsync(HttpRequestMessage request, Uri authUri, Boolean async, ICredentials credentials, Boolean isProxyAuth, HttpConnection connection, HttpConnectionPool connectionPool, CancellationToken cancellationToken)
   at System.Net.Http.HttpConnectionPool.SendWithVersionDetectionAndRetryAsync(HttpRequestMessage request, Boolean async, Boolean doRequestAuth, CancellationToken cancellationToken)
   at System.Net.Http.AuthenticationHelper.SendWithAuthAsync(HttpRequestMessage request, Uri authUri, Boolean async, ICredentials credentials, Boolean preAuthenticate, Boolean isProxyAuth, Boolean doRequestAuth, HttpConnectionPool pool, CancellationToken cancellationToken)
   at System.Net.Http.RedirectHandler.SendAsync(HttpRequestMessage request, Boolean async, CancellationToken cancellationToken)
   at GitHub.Services.Common.RawHttpMessageHandler.SendAsync(HttpRequestMessage request, CancellationToken cancellationToken)
   at GitHub.Services.Common.VssHttpRetryMessageHandler.SendAsync(HttpRequestMessage request, CancellationToken cancellationToken)
   at System.Net.Http.HttpClient.<SendAsync>g__Core|83_0(HttpRequestMessage request, HttpCompletionOption completionOption, CancellationTokenSource cts, Boolean disposeCts, CancellationTokenSource pendingRequestsCts, CancellationToken originalCancellationToken)
   --- End of inner exception stack trace ---
   at System.Net.Http.HttpClient.HandleFailure(Exception e, Boolean telemetryStarted, HttpResponseMessage response, CancellationTokenSource cts, CancellationToken cancellationToken, CancellationTokenSource pendingRequestsCts)
   at System.Net.Http.HttpClient.<SendAsync>g__Core|83_0(HttpRequestMessage request, HttpCompletionOption completionOption, CancellationTokenSource cts, Boolean disposeCts, CancellationTokenSource pendingRequestsCts, CancellationToken originalCancellationToken)
   at Sdk.WebApi.WebApi.RawHttpClientBase.SendAsync(HttpRequestMessage message, HttpCompletionOption completionOption, Object userState, CancellationToken cancellationToken)
   at Sdk.WebApi.WebApi.RawHttpClientBase.SendAsync[T](HttpRequestMessage message, Boolean readErrorBody, Object userState, CancellationToken cancellationToken)
   at Sdk.WebApi.WebApi.RawHttpClientBase.SendAsync[T](HttpMethod method, IEnumerable`1 additionalHeaders, Uri requestUri, HttpContent content, IEnumerable`1 queryParameters, Boolean readErrorBody, Object userState, CancellationToken cancellationToken)
   at GitHub.Actions.RunService.WebApi.BrokerHttpClient.GetRunnerMessageAsync(Nullable`1 sessionId, String runnerVersion, Nullable`1 status, String os, String architecture, Nullable`1 disableUpdate, CancellationToken cancellationToken)
   at GitHub.Runner.Common.BrokerServer.<>c__DisplayClass7_0.<<GetRunnerMessageAsync>b__0>d.MoveNext()
--- End of stack trace from previous location ---
   at GitHub.Runner.Common.RunnerService.RetryRequest[T](Func`1 func, CancellationToken cancellationToken, Int32 maxRetryAttemptsCount, Func`2 shouldRetry)
[2025-05-24 23:17:22Z ERR  BrokerServer] #####################################################
[2025-05-24 23:17:22Z ERR  BrokerServer] System.Threading.Tasks.TaskCanceledException: The operation was canceled.
 ---> System.IO.IOException: Unable to read data from the transport connection: Operation canceled.
 ---> System.Net.Sockets.SocketException (89): Operation canceled
   --- End of inner exception stack trace ---
   at System.Net.Sockets.Socket.AwaitableSocketAsyncEventArgs.ThrowException(SocketError error, CancellationToken cancellationToken)
   at System.Net.Sockets.Socket.AwaitableSocketAsyncEventArgs.System.Threading.Tasks.Sources.IValueTaskSource<System.Int32>.GetResult(Int16 token)
   at System.Net.Security.SslStream.EnsureFullTlsFrameAsync[TIOAdapter](CancellationToken cancellationToken, Int32 estimatedSize)
   at System.Runtime.CompilerServices.PoolingAsyncValueTaskMethodBuilder`1.StateMachineBox`1.System.Threading.Tasks.Sources.IValueTaskSource<TResult>.GetResult(Int16 token)
   at System.Net.Security.SslStream.ReadAsyncInternal[TIOAdapter](Memory`1 buffer, CancellationToken cancellationToken)
   at System.Runtime.CompilerServices.PoolingAsyncValueTaskMethodBuilder`1.StateMachineBox`1.System.Threading.Tasks.Sources.IValueTaskSource<TResult>.GetResult(Int16 token)
   at System.Net.Http.HttpConnection.SendAsync(HttpRequestMessage request, Boolean async, CancellationToken cancellationToken)
   --- End of inner exception stack trace ---
   at System.Net.Http.HttpConnection.SendAsync(HttpRequestMessage request, Boolean async, CancellationToken cancellationToken)
   at System.Net.Http.AuthenticationHelper.SendWithNtAuthAsync(HttpRequestMessage request, Uri authUri, Boolean async, ICredentials credentials, Boolean isProxyAuth, HttpConnection connection, HttpConnectionPool connectionPool, CancellationToken cancellationToken)
   at System.Net.Http.HttpConnectionPool.SendWithVersionDetectionAndRetryAsync(HttpRequestMessage request, Boolean async, Boolean doRequestAuth, CancellationToken cancellationToken)
   at System.Net.Http.AuthenticationHelper.SendWithAuthAsync(HttpRequestMessage request, Uri authUri, Boolean async, ICredentials credentials, Boolean preAuthenticate, Boolean isProxyAuth, Boolean doRequestAuth, HttpConnectionPool pool, CancellationToken cancellationToken)
   at System.Net.Http.RedirectHandler.SendAsync(HttpRequestMessage request, Boolean async, CancellationToken cancellationToken)
   at GitHub.Services.Common.RawHttpMessageHandler.SendAsync(HttpRequestMessage request, CancellationToken cancellationToken)
   at GitHub.Services.Common.VssHttpRetryMessageHandler.SendAsync(HttpRequestMessage request, CancellationToken cancellationToken)
   at System.Net.Http.HttpClient.<SendAsync>g__Core|83_0(HttpRequestMessage request, HttpCompletionOption completionOption, CancellationTokenSource cts, Boolean disposeCts, CancellationTokenSource pendingRequestsCts, CancellationToken originalCancellationToken)
[2025-05-24 23:17:22Z ERR  BrokerServer] #####################################################
[2025-05-24 23:17:22Z ERR  BrokerServer] System.IO.IOException: Unable to read data from the transport connection: Operation canceled.
 ---> System.Net.Sockets.SocketException (89): Operation canceled
   --- End of inner exception stack trace ---
   at System.Net.Sockets.Socket.AwaitableSocketAsyncEventArgs.ThrowException(SocketError error, CancellationToken cancellationToken)
   at System.Net.Sockets.Socket.AwaitableSocketAsyncEventArgs.System.Threading.Tasks.Sources.IValueTaskSource<System.Int32>.GetResult(Int16 token)
   at System.Net.Security.SslStream.EnsureFullTlsFrameAsync[TIOAdapter](CancellationToken cancellationToken, Int32 estimatedSize)
   at System.Runtime.CompilerServices.PoolingAsyncValueTaskMethodBuilder`1.StateMachineBox`1.System.Threading.Tasks.Sources.IValueTaskSource<TResult>.GetResult(Int16 token)
   at System.Net.Security.SslStream.ReadAsyncInternal[TIOAdapter](Memory`1 buffer, CancellationToken cancellationToken)
   at System.Runtime.CompilerServices.PoolingAsyncValueTaskMethodBuilder`1.StateMachineBox`1.System.Threading.Tasks.Sources.IValueTaskSource<TResult>.GetResult(Int16 token)
   at System.Net.Http.HttpConnection.SendAsync(HttpRequestMessage request, Boolean async, CancellationToken cancellationToken)
[2025-05-24 23:17:22Z ERR  BrokerServer] #####################################################
[2025-05-24 23:17:22Z ERR  BrokerServer] System.Net.Sockets.SocketException (89): Operation canceled
[2025-05-24 23:17:22Z WARN BrokerServer] Back off 8.654 seconds before next retry. 4 attempt left.
[2025-05-24 23:17:22Z INFO MessageListener] Get next message has been cancelled.
[2025-05-24 23:17:22Z INFO JobDispatcher] Shutting down JobDispatcher. Make sure all WorkerDispatcher has finished.
[2025-05-24 23:17:22Z INFO JobDispatcher] Ensure WorkerDispatcher for job aa425d6d-a2df-5e39-8546-5a657692d313 run to finish, cancel any running job.
[2025-05-24 23:17:22Z INFO JobDispatcher] Job request aa425d6d-a2df-5e39-8546-5a657692d313 processed succeed.
[2025-05-24 23:17:22Z INFO Runner] Deleting Runner Session...
[2025-05-24 23:17:22Z INFO Listener] Runner execution been cancelled.
